[backblue.gif]
[fade.gif]
[index.html]
[s3-eu-west-1.amazonaws.com/landingi-editor-uploads/jJJTmb2k/B_branco.png]
[styles.assets-landingi.com/Skp9arZL/Segoe_UI.css]
[styles.assets-landingi.com/assets/css/2.13-landend-base.css]
[styles.assets-landingi.com/pu43ieT8/base.css]
[scripts.assets-landingi.com/lightboxes/lightbox-render186e.js]
[images.assets-landingi.com/m8GIYBMiXO8YjdVT/B_branco.png]
[hub.sale_443/public/js/analytics.js]
[images.assets-landingi.com/K562wVfjTwxV5lbg/LOGO_VERISOL.png]
[images.assets-landingi.com/UV0xzsxa1avaKt0c/Anvisa.png]
[images.assets-landingi.com/LNFivurxyQ9VCEWI/Logo.png]
[images.assets-landingi.com/V5VIR7Wv/Screenshot_2021_03_10T180339.833.png]
[images.assets-landingi.com/mHg60wrK2hTiFQev/Screenshot_2021_03_10T180339.833.png]
[images.assets-landingi.com/dDRjTTpr/Screenshot_2021_03_10T190013.927.png]
[images.assets-landingi.com/oDjpKBBh3wOQxh2V/Screenshot_2021_03_10T190013.927.png]
[images.assets-landingi.com/fe4wV0WX/Screenshot_2021_03_10T190940.716.png]
[images.assets-landingi.com/33g2Jrb20ZJYhGEo/Screenshot_2021_03_10T190940.716.png]
[images.assets-landingi.com/v2H3TahB/Screenshot_2021_03_10T214103.277.png]
[images.assets-landingi.com/dHpUnIM0IwGN5yE5/Screenshot_2021_03_10T214103.277.png]
[images.assets-landingi.com/wBDLwCEm/6.png]
[images.assets-landingi.com/dvCclShkyYYp0HkT/6.png]
[images.assets-landingi.com/ROvTnMVA/7.png]
[images.assets-landingi.com/TBtQKvE9xibe4o4x/7.png]
[images.assets-landingi.com/0s8RbxYD/5.png]
[images.assets-landingi.com/ElH2lGBQ1tu91dte/5.png]
[images.assets-landingi.com/lU1sELPJ/Screenshot_2021_03_10T213608.164.png]
[images.assets-landingi.com/nonL5qryFDWzhJoS/Screenshot_2021_03_10T213608.164.png]
[images.assets-landingi.com/uSz7xoBt/Screenshot_2021_03_10T213921.405.png]
[images.assets-landingi.com/GfaaAnh2dT8JIbKr/Screenshot_2021_03_10T213921.405.png]
[images.assets-landingi.com/QI9Zy5vo/_Pngtree_facebook_like_icon_3584862.png]
[images.assets-landingi.com/i7aJueCeAYI1oMGs/_Pngtree_facebook_like_icon_3584862.png]
[images.assets-landingi.com/8S9lkj2lq6bbtRL7/_Pngtree_facebook_like_icon_3584862.png]
[images.assets-landingi.com/ZiCzohPOIVD3BwCN/_Pngtree_facebook_like_icon_3584862.png]
[images.assets-landingi.com/Gy5wz7jz/_Pngtree_facebook_love_icon_3584863.png]
[images.assets-landingi.com/E0p7Q85V3CPOv89d/_Pngtree_facebook_love_icon_3584863.png]
[images.assets-landingi.com/Anc7jkxE/envelhecimento02_194x194.jpg]
[images.assets-landingi.com/8Am78Kg1LczIkoQo/envelhecimento02_194x194.jpg]
[images.assets-landingi.com/RmoWKSOt/Produto_1C.png]
[images.assets-landingi.com/5y1lvtxzu6um6tgl/Produto_1C.png]
[images.assets-landingi.com/zz0hw1Tr/Screenshot_2021_03_17T143700.932.png]
[images.assets-landingi.com/ke2FHREZDOU4Cpk0/Screenshot_2021_03_17T143700.932.png]
[images.assets-landingi.com/Z8o8VFP8/DRREY4.png]
[images.assets-landingi.com/L4VAdLuWpHMpUVsI/DRREY4.png]
[images.assets-landingi.com/OJzkEjEJ/Screenshot_2021_03_10T202607.996.png]
[images.assets-landingi.com/dZQheuS0XNpNKA4E/Screenshot_2021_03_10T202607.996.png]
[images.assets-landingi.com/mdISFQQsYZ3yHsRg/Produto_1C.png]
[images.assets-landingi.com/lLxR2CGQ/Logo.png]
[images.assets-landingi.com/vSyEVc2JOMhvbsPD/Logo.png]
[images.assets-landingi.com/vPTKPAio/Anvisa.png]
[images.assets-landingi.com/CBgK8PAsOZSnd6ip/Anvisa.png]
[images.assets-landingi.com/EvxDTsMf/LOGO_VERISOL.png]
[images.assets-landingi.com/Nc1GQyKFvl5ofyYR/LOGO_VERISOL.png]
[images.assets-landingi.com/GoPNVWBfpXSG2B7U/Produto_1C.png]
[images.assets-landingi.com/tncLazzG/Screenshot_2021_02_10T174412.580.png]
[images.assets-landingi.com/JDlOJC1IpVOCtNVg/Screenshot_2021_02_10T174412.580.png]
[images.assets-landingi.com/1OAzltJ4/Screenshot_2021_03_10T212033.131.png]
[images.assets-landingi.com/u57B8hvUPIpOCsUW/Screenshot_2021_03_10T212033.131.png]
[images.assets-landingi.com/bsDksbAw/Screenshot_2021_03_10T212243.856.png]
[images.assets-landingi.com/UsEmdgAA5fXG987w/Screenshot_2021_03_10T212243.856.png]
[images.assets-landingi.com/TzZfW3Kh/Screenshot_2021_01_27T000107.600.png]
[images.assets-landingi.com/T40ZGFOFf6b6uwp3/Screenshot_2021_01_27T000107.600.png]
[images.assets-landingi.com/u20jhQE0/IMG_8543.png]
[images.assets-landingi.com/DXWokuKd9ofnBvih/IMG_8543.png]
[images.assets-landingi.com/2DSe0nLM4GhV0pbb/Screenshot_2021_02_10T174412.580.png]
[images.assets-landingi.com/HhSpzjNp/Screenshot_2021_03_17T225636.154.png]
[images.assets-landingi.com/4A3IxebNcaXcvo6i/Screenshot_2021_03_17T225636.154.png]
[images.assets-landingi.com/03rFLkV6/Screenshot_2021_03_10T212943.933.png]
[images.assets-landingi.com/fGYcaTtN6k0NYdj7/Screenshot_2021_03_10T212943.933.png]
[images.assets-landingi.com/jKPphFdU/Screenshot_2021_03_10T212524.823.png]
[images.assets-landingi.com/9PlqAavOedtLhexq/Screenshot_2021_03_10T212524.823.png]
[images.assets-landingi.com/sKu2daWY/Screenshot_2021_03_10T212501.594.png]
[images.assets-landingi.com/CWrmh0WZGGhNfe2k/Screenshot_2021_03_10T212501.594.png]
[images.assets-landingi.com/jPiLGv26/Screenshot_2021_03_10T212924.359.png]
[images.assets-landingi.com/im2a2bHizf5bVjYb/Screenshot_2021_03_10T212924.359.png]
[images.assets-landingi.com/YgKyYCza/Screenshot_2021_03_10T211937.297.png]
[images.assets-landingi.com/dtiLpb307qruDqb5/Screenshot_2021_03_10T211937.297.png]
[images.assets-landingi.com/VMm6mmVe/Screenshot_2021_03_17T225724.241.png]
[images.assets-landingi.com/jTMCdirtxSQ5iQDK/Screenshot_2021_03_17T225724.241.png]
[images.assets-landingi.com/rSMKbADJ/IMG_8546.png]
[images.assets-landingi.com/cf5yMSYdxypcbMiu/IMG_8546.png]
[images.assets-landingi.com/dyxRqNdN/IMG_8547.png]
[images.assets-landingi.com/SqBldp80ONNWXLYr/IMG_8547.png]
[images.assets-landingi.com/L3TmLrs0/Screenshot_2021_03_17T233417.264.png]
[images.assets-landingi.com/lDU5TKU2KAwY9gQL/Screenshot_2021_03_17T233417.264.png]
[images.assets-landingi.com/mOWtYFno/2_1.png]
[images.assets-landingi.com/UPtqS9mDSjR2IXHL/2_1.png]
[images.assets-landingi.com/Pja4O0zzoNWxKieV/bt_compre_verde.png]
[images.assets-landingi.com/XqBEWJFq/_Pngtree_free_red_arrow_to_pull_5054275.png]
[images.assets-landingi.com/CZn2q7CkmgMWrE6i/_Pngtree_free_red_arrow_to_pull_5054275.png]
[images.assets-landingi.com/cfGz0I10/1_Pngtree_free_red_arrow_to_pull_5054275.png]
[images.assets-landingi.com/TnbZnFTGMgE08SSf/1_Pngtree_free_red_arrow_to_pull_5054275.png]
[images.assets-landingi.com/jtdhC4rV54182Jmq/bt_compre_verde.png]
[images.assets-landingi.com/OYJv3EtYYul8nYbA/1_Pngtree_free_red_arrow_to_pull_5054275.png]
[images.assets-landingi.com/nLSnEEje/3_3.png]
[images.assets-landingi.com/pZzNNtiwJJCg4bX9/3_3.png]
[images.assets-landingi.com/kFGpAdIfk9gkdxqU/_Pngtree_free_red_arrow_to_pull_5054275.png]
[images.assets-landingi.com/6opFPAOg7CJmZ45G/bt_compre_verde.png]
[images.assets-landingi.com/aHBlk9LgLZ9E4tW5/1_Pngtree_free_red_arrow_to_pull_5054275.png]
[images.assets-landingi.com/Ii5uGbqDUSHsbSYM/Produto_1C.png]
[images.assets-landingi.com/peCaqKLKCJqFpDmP/_Pngtree_free_red_arrow_to_pull_5054275.png]
[images.assets-landingi.com/fniuIZ6r/variante_de_medalha_com_estrela.png]
[images.assets-landingi.com/T2Jtytjh9ZmLKL7F/variante_de_medalha_com_estrela.png]
[images.assets-landingi.com/hRISBMfIx6PUPaAH/variante_de_medalha_com_estrela.png]
[images.assets-landingi.com/5tryzqe0/dollar.png]
[images.assets-landingi.com/LTUANU2jjs1j5Erp/dollar.png]
[images.assets-landingi.com/wtjhzaurxMwX4npm/dollar.png]
[images.assets-landingi.com/1M1qu3a1/Produto_1.png]
[images.assets-landingi.com/wcZ5iXtMZchnIY3u/Produto_1.png]
[images.assets-landingi.com/Cz7zIgf0/Garantia.png]
[images.assets-landingi.com/qyImJ7aKZow6R8Ya/Garantia.png]
[images.assets-landingi.com/fpr9fpWrqZVWiVFR/Garantia.png]
[images.assets-landingi.com/WjJasqO1/confiavel_01.png]
[images.assets-landingi.com/9mAmZwWxcAZ24zO3/confiavel_01.png]
[images.assets-landingi.com/hg3Xhwjn/confiavel_02.png]
[images.assets-landingi.com/q4irlLGfts528n22/confiavel_02.png]
[images.assets-landingi.com/cUrSrmzH/confiavel_03.png]
[images.assets-landingi.com/Rcjrs7jMMxKyHnwO/confiavel_03.png]
[images.assets-landingi.com/owTRgHst/confiavel_04.png]
[images.assets-landingi.com/xOWuSYDQqt981Zfi/confiavel_04.png]
[images.assets-landingi.com/IUlkVSUH/vilamulhercurto.png]
[images.assets-landingi.com/NzwPLy2wupYEMQ7A/vilamulhercurto.png]
[images.assets-landingi.com/VoyZnwHQ/vejasaude.png]
[images.assets-landingi.com/TjcdYNmXGnTpDaUh/vejasaude.png]
[images.assets-landingi.com/Du4QnQYO/terra.png]
[images.assets-landingi.com/sxPEbRwKynyKbQdk/terra.png]
[images.assets-landingi.com/SPfpN3Cm/google_safe_browsing_11.png]
[images.assets-landingi.com/kA9gJQ36ZHvWa2Y2/google_safe_browsing_11.png]
[images.assets-landingi.com/s9W0N4nF/selo_ssl_11.png]
[images.assets-landingi.com/ff87iyKBXrgqd8Vj/selo_ssl_11.png]
[images.assets-landingi.com/KRneVUIe/icons_sitesegurorosa.png]
[images.assets-landingi.com/gcZUXkhTTGYxD1MP/icons_sitesegurorosa.png]
[ajax.googleapis.com/ajax/libs/jquery/1.9.1/jquery.min.js]
[old.assets-landingi.com/bootstrap/js/landend.bootstrap.min.js]
[old.assets-landingi.com/bootstrap/js/bootbox.min.js]
[old.assets-landingi.com/js/landing.js]
[scripts.assets-landingi.com/facebook/facebook-browser.1.1.js]
[old.assets-landingi.com/assets/js/dist/landend/301019/landend.js]
[old.assets-landingi.com/assets/js/landend/anchors/v02.js]
[scripts.assets-landingi.com/landend/030820/files.js]
[old.assets-landingi.com/assets/js/vendor/jquery-form/jquery.form.min.js]
[scripts.assets-landingi.com/landend/260221/landend.min.js]
[old.assets-landingi.com/assets/js/landend/260820/validation.js]
[scripts.assets-landingi.com/shopify/27072020/iframe.js]
[www.mulhernamoda.online/beautyderm.html]
[styles.assets-landingi.com/Skp9arZL/Segoe_UI.css]
[styles.assets-landingi.com/assets/css/2.13-landend-base.css]
[scripts.assets-landingi.com/video-bg/v0.5/videoBackground.js]
[images.assets-landingi.com/rkhWzJAv/Bg.png]
[styles.assets-landingi.com/pu43ieT8/base.css]
[old.assets-landingi.com/bootstrap/js/landend.bootstrap.min.js]
[old.assets-landingi.com/bootstrap/js/bootbox.min.js]
[old.assets-landingi.com/js/landing.js]
